
Merging object attributes


There are no discarded input sections

Memory Configuration

Name             Origin             Length             Attributes
FLASH            0x00000000         0x00040000
RAM              0x20000000         0x00010000
*default*        0x00000000         0xffffffff

Linker script and memory map

                0x20010000                        _estack = (ORIGIN (RAM) + LENGTH (RAM))

.text           0x00000000      0x1bc
 *(.isr_vector)
 .isr_vector    0x00000000       0xbc startup.o
                0x00000000                vector_table
 *(.text)
 .text          0x000000bc       0x40 startup.o
                0x000000bc                Reset_Handler
                0x000000c8                HardFault_Handler
                0x000000ce                GPIOF_Handler
 .text          0x000000fc       0xc0 main.o
                0x000000fc                main
 *(.rodata)

.glue_7         0x000001bc        0x0
 .glue_7        0x000001bc        0x0 linker stubs

.glue_7t        0x000001bc        0x0
 .glue_7t       0x000001bc        0x0 linker stubs

.vfp11_veneer   0x000001bc        0x0
 .vfp11_veneer  0x000001bc        0x0 linker stubs

.v4_bx          0x000001bc        0x0
 .v4_bx         0x000001bc        0x0 linker stubs

.iplt           0x000001bc        0x0
 .iplt          0x000001bc        0x0 startup.o

.rel.dyn        0x000001bc        0x0
 .rel.iplt      0x000001bc        0x0 startup.o

.data           0x20000000        0x0
 *(.data)
 .data          0x20000000        0x0 startup.o
 .data          0x20000000        0x0 main.o

.igot.plt       0x20000000        0x0
 .igot.plt      0x20000000        0x0 startup.o

.bss            0x20000000        0x0
 *(.bss)
 .bss           0x20000000        0x0 startup.o
 .bss           0x20000000        0x0 main.o
LOAD startup.o
LOAD main.o
OUTPUT(main.elf elf32-littlearm)
LOAD linker stubs

.debug_info     0x00000000       0xe6
 .debug_info    0x00000000       0xa8 startup.o
 .debug_info    0x000000a8       0x3e main.o

.debug_abbrev   0x00000000       0xeb
 .debug_abbrev  0x00000000       0xb8 startup.o
 .debug_abbrev  0x000000b8       0x33 main.o

.debug_aranges  0x00000000       0x40
 .debug_aranges
                0x00000000       0x20 startup.o
 .debug_aranges
                0x00000020       0x20 main.o

.debug_line     0x00000000       0xd7
 .debug_line    0x00000000       0x59 startup.o
 .debug_line    0x00000059       0x7e main.o

.debug_str      0x00000000      0x10c
 .debug_str     0x00000000      0x10c startup.o
                                0x105 (size before relaxing)
 .debug_str     0x0000010c        0x0 main.o
                                 0xb2 (size before relaxing)

.comment        0x00000000       0x12
 .comment       0x00000000       0x12 startup.o
                                 0x13 (size before relaxing)
 .comment       0x00000012        0x0 main.o
                                 0x13 (size before relaxing)

.ARM.attributes
                0x00000000       0x2d
 .ARM.attributes
                0x00000000       0x2d startup.o
 .ARM.attributes
                0x0000002d       0x2d main.o

.debug_frame    0x00000000       0x8c
 .debug_frame   0x00000000       0x64 startup.o
 .debug_frame   0x00000064       0x28 main.o
