
There are no discarded input sections

Memory Configuration

Name             Origin             Length             Attributes
FLASH            0x00000000         0x00040000         xr
RAM              0x20000000         0x00010000         xrw
*default*        0x00000000         0xffffffff

Linker script and memory map

                0x20010000                        _estack = (ORIGIN (RAM) + LENGTH (RAM))

.text           0x00000000       0x9c
 *(.isr_vector)
 .isr_vector    0x00000000       0x10 startup.o
                0x00000000                vector_table
 *(.text)
 .text          0x00000010       0x12 startup.o
                0x00000010                reset_handler
                0x0000001c                hard_fault_handler
 *fill*         0x00000022        0x2 
 .text          0x00000024       0x78 main.o
                0x00000024                main
 *(.rodata)

.glue_7         0x0000009c        0x0
 .glue_7        0x0000009c        0x0 linker stubs

.glue_7t        0x0000009c        0x0
 .glue_7t       0x0000009c        0x0 linker stubs

.vfp11_veneer   0x0000009c        0x0
 .vfp11_veneer  0x0000009c        0x0 linker stubs

.v4_bx          0x0000009c        0x0
 .v4_bx         0x0000009c        0x0 linker stubs

.iplt           0x0000009c        0x0
 .iplt          0x0000009c        0x0 startup.o

.rel.dyn        0x0000009c        0x0
 .rel.iplt      0x0000009c        0x0 startup.o

.data           0x20000000        0x0
 *(.data)
 .data          0x20000000        0x0 startup.o
 .data          0x20000000        0x0 main.o

.igot.plt       0x20000000        0x0
 .igot.plt      0x20000000        0x0 startup.o

.bss            0x20000000        0x0
 *(.bss)
 .bss           0x20000000        0x0 startup.o
 .bss           0x20000000        0x0 main.o
LOAD startup.o
LOAD main.o
OUTPUT(main.elf elf32-littlearm)
LOAD linker stubs

.debug_info     0x00000000       0xd8
 .debug_info    0x00000000       0x9a startup.o
 .debug_info    0x0000009a       0x3e main.o

.debug_abbrev   0x00000000       0xe9
 .debug_abbrev  0x00000000       0xb6 startup.o
 .debug_abbrev  0x000000b6       0x33 main.o

.debug_aranges  0x00000000       0x40
 .debug_aranges
                0x00000000       0x20 startup.o
 .debug_aranges
                0x00000020       0x20 main.o

.debug_line     0x00000000       0xc4
 .debug_line    0x00000000       0x47 startup.o
 .debug_line    0x00000047       0x7d main.o

.debug_str      0x00000000      0x103
 .debug_str     0x00000000      0x103 startup.o
                                 0xfc (size before relaxing)
 .debug_str     0x00000103        0x0 main.o
                                 0xb6 (size before relaxing)

.comment        0x00000000       0x45
 .comment       0x00000000       0x45 startup.o
                                 0x46 (size before relaxing)
 .comment       0x00000045        0x0 main.o
                                 0x46 (size before relaxing)

.ARM.attributes
                0x00000000       0x2d
 .ARM.attributes
                0x00000000       0x2d startup.o
 .ARM.attributes
                0x0000002d       0x2d main.o

.debug_frame    0x00000000       0x6c
 .debug_frame   0x00000000       0x44 startup.o
 .debug_frame   0x00000044       0x28 main.o
