
There are no discarded input sections

Memory Configuration

Name             Origin             Length             Attributes
FLASH            0x00000000         0x00040000         xr
RAM              0x20000000         0x00010000         xrw
*default*        0x00000000         0xffffffff

Linker script and memory map

                0x20010000                        _estack = (ORIGIN (RAM) + LENGTH (RAM))

.text           0x00000000       0xd4
 *(.isr_vector)
 .isr_vector    0x00000000       0x40 startup.o
                0x00000000                vector_table
 *(.text)
 .text          0x00000040       0x1e startup.o
                0x00000040                Reset_Handler
                0x0000004c                HardFault_Handler
                0x00000052                SysTick_Handler
 *fill*         0x0000005e        0x2 
 .text          0x00000060       0x74 main.o
                0x00000060                main
                0x000000b8                toggle_gpiof_data
 *(.rodata)

.glue_7         0x000000d4        0x0
 .glue_7        0x000000d4        0x0 linker stubs

.glue_7t        0x000000d4        0x0
 .glue_7t       0x000000d4        0x0 linker stubs

.vfp11_veneer   0x000000d4        0x0
 .vfp11_veneer  0x000000d4        0x0 linker stubs

.v4_bx          0x000000d4        0x0
 .v4_bx         0x000000d4        0x0 linker stubs

.iplt           0x000000d4        0x0
 .iplt          0x000000d4        0x0 startup.o

.rel.dyn        0x000000d4        0x0
 .rel.iplt      0x000000d4        0x0 startup.o

.data           0x20000000        0x0
 *(.data)
 .data          0x20000000        0x0 startup.o
 .data          0x20000000        0x0 main.o

.igot.plt       0x20000000        0x0
 .igot.plt      0x20000000        0x0 startup.o

.bss            0x20000000        0x0
 *(.bss)
 .bss           0x20000000        0x0 startup.o
 .bss           0x20000000        0x0 main.o
LOAD startup.o
LOAD main.o
OUTPUT(main.elf elf32-littlearm)
LOAD linker stubs

.debug_info     0x00000000       0xf8
 .debug_info    0x00000000       0xac startup.o
 .debug_info    0x000000ac       0x4c main.o

.debug_abbrev   0x00000000       0xef
 .debug_abbrev  0x00000000       0xba startup.o
 .debug_abbrev  0x000000ba       0x35 main.o

.debug_aranges  0x00000000       0x40
 .debug_aranges
                0x00000000       0x20 startup.o
 .debug_aranges
                0x00000020       0x20 main.o

.debug_line     0x00000000       0xbb
 .debug_line    0x00000000       0x50 startup.o
 .debug_line    0x00000050       0x6b main.o

.debug_str      0x00000000      0x12e
 .debug_str     0x00000000      0x12e startup.o
                                0x127 (size before relaxing)
 .debug_str     0x0000012e        0x0 main.o
                                 0xd2 (size before relaxing)

.comment        0x00000000       0x45
 .comment       0x00000000       0x45 startup.o
                                 0x46 (size before relaxing)
 .comment       0x00000045        0x0 main.o
                                 0x46 (size before relaxing)

.ARM.attributes
                0x00000000       0x2d
 .ARM.attributes
                0x00000000       0x2d startup.o
 .ARM.attributes
                0x0000002d       0x2d main.o

.debug_frame    0x00000000       0xa8
 .debug_frame   0x00000000       0x60 startup.o
 .debug_frame   0x00000060       0x48 main.o
